
R version 3.4.1 (2017-06-30) -- "Single Candle"
Copyright (C) 2017 The R Foundation for Statistical Computing
Platform: i386-w64-mingw32/i386 (32-bit)

R is free software and comes with ABSOLUTELY NO WARRANTY.
You are welcome to redistribute it under certain conditions.
Type 'license()' or 'licence()' for distribution details.

R is a collaborative project with many contributors.
Type 'contributors()' for more information and
'citation()' on how to cite R or R packages in publications.

Type 'demo()' for some demos, 'help()' for on-line help, or
'help.start()' for an HTML browser interface to help.
Type 'q()' to quit R.

[Workspace loaded from D:/180970054/.RData]

WARNING: You are configured to use the CRAN mirror at https://cran.rstudio.com/. This mirror supports secure (HTTPS) downloads however your system is unable to communicate securely with the server (possibly due to out of date certificate files on your system). Falling back to using insecure URL for this mirror.

To learn more and/or disable this warning message see the "Use secure download method for HTTP" option in Tools -> Global Options -> Packages.
> Cereals1 <- read.csv("D:/180970054/09-8-19/Cereals1.csv")
>   View(Cereals1)
> idx<-Cereals1$potass==-1
> vecx<-mean(Cereals1$potass)
> Cereals1$potass[idx]=vecx
> view(Cereals1)
Error in view(Cereals1) : could not find function "view"
> view(Cereals1)
Error in view(Cereals1) : could not find function "view"
> View(Cereals1)
> idx<-Cereals1$carbo==-1
> vecx<-mean(Cereals1$carbo)]
Error: unexpected ']' in "vecx<-mean(Cereals1$carbo)]"
> vecx<-mean(Cereals1$carbo
+ xde
Error: unexpected symbol in:
"vecx<-mean(Cereals1$carbo
xde"
> vecx<-mean(Cereals1$carbo)
> Cereals1$carbo[idx]=vecx
> View(Cereals1)
> idx<-Cereals1$sugars==-1
> vecx<-mean(Cereals1$sugars)
> Cereals1$sugars[idx]=vecx
> View(Cereals1)
> summary((subset(Cereals1,select = calories:vitamins)))
    calories        protein           fat            sodium          fiber       
 Min.   : 50.0   Min.   :1.000   Min.   :0.000   Min.   :  0.0   Min.   : 0.000  
 1st Qu.:100.0   1st Qu.:2.000   1st Qu.:0.000   1st Qu.:132.5   1st Qu.: 0.750  
 Median :110.0   Median :2.500   Median :1.000   Median :180.0   Median : 1.750  
 Mean   :107.4   Mean   :2.526   Mean   :1.013   Mean   :160.1   Mean   : 2.049  
 3rd Qu.:110.0   3rd Qu.:3.000   3rd Qu.:2.000   3rd Qu.:212.5   3rd Qu.: 3.000  
 Max.   :160.0   Max.   :6.000   Max.   :5.000   Max.   :320.0   Max.   :14.000  
     carbo           sugars           potass          vitamins     
 Min.   : 7.00   Min.   : 0.000   Min.   : 15.00   Min.   :  0.00  
 1st Qu.:12.00   1st Qu.: 3.000   1st Qu.: 43.75   1st Qu.: 25.00  
 Median :14.86   Median : 7.000   Median : 90.00   Median : 25.00  
 Mean   :14.93   Mean   : 7.039   Mean   : 96.15   Mean   : 28.29  
 3rd Qu.:17.00   3rd Qu.:11.000   3rd Qu.:120.00   3rd Qu.: 25.00  
 Max.   :23.00   Max.   :15.000   Max.   :330.00   Max.   :100.00  
> table(Cereals1$mfr,Cereals1$type)
   
     C  H
  A  0  1
  G 22  0
  K 23  0
  N  4  1
  P  9  0
  Q  7  1
  R  8  0
> outliers
Error: object 'outliers' not found
> median()
Error in is.factor(x) : argument "x" is missing, with no default
> ?median()
> idx<-Cereals1$potass==-1
> vecx<-mean(Cereals1$potass[Cereals1$potass!=-1])
> Cereals1$potass[idx]=vecx
> View(Cereals1)
> 
> idx<-Cereals1$carbo==-1
> vecx<-mean(Cereals1$carbo[Cereals1$carbo!=-1])
> Cereals1$carbo[idx]=vecx
> View(Cereals1)
> Cereals1$potass[Cereals1$potass==-1]=mean(Cereals1$potass[Cereals1$potass!=-1])
> min(Cereals1$potass)
[1] 15
> Cereals1 <- read.csv("D:/180970054/09-8-19/Cereals1.csv")
>   View(Cereals1)
> min(Cereals1$potass)
[1] -1
> Cereals1$potass[Cereals1$potass==-1]=mean(Cereals1$potass[Cereals1$potass!=-1])
> min(Cereals1$potass)
[1] 15
> min(Cereals1$carbo)
[1] -1
> Cereals1$carbo[Cereals1$carbo==-1]=mean(Cereals1$carbo[Cereals1$carbo!=-1])
> min(Cereals1$carbo)
[1] 7
> 
> min(Cereals1$sugars)
[1] -1
> Cereals1$sugars[Cereals1$sugars==-1]=mean(Cereals1$sugars[Cereals1$sugars!=-1])
> 
> min(Cereals1$sugars)
[1] 0
> caloriesLB<summary(Cereals1$calories)[2]-[1.5*IQR(Cereals1$calories)]
Error: unexpected '[' in "caloriesLB<summary(Cereals1$calories)[2]-["
> caloriesLB<summary(Cereals1$calories)[2]-(1.5*IQR(Cereals1$calories))
Error: object 'caloriesLB' not found
> caloriesLB<-summary(Cereals1$calories)[2]-(1.5*IQR(Cereals1$calories))
> caloriesLB
1st Qu. 
     85 
> caloriesUB<-summary(Cereals1$calories)[5]+(1.5*IQR(Cereals1$calories))
> caloriesUB
3rd Qu. 
    125 
> caloriesOB<-Cereals1$name[(Cereals1$calories<caloriesLB)|(Cereals1$calories>caloriesUB)]
> caloriesOB
 [1] All-Bran                              All-Bran_with_Extra_Fiber            
 [3] Basic_4                               Just_Right_Fruit_&amp;_Nut           
 [5] Muesli_Raisins,_Dates,_&amp;_Almonds  Muesli_Raisins,_Peaches,_&amp;_Pecans
 [7] Mueslix_Crispy_Blend                  Nutri-Grain_Almond-Raisin            
 [9] Oatmeal_Raisin_Crisp                  Puffed_Rice                          
[11] Puffed_Wheat                          Shredded_Wheat                       
[13] Total_Raisin_Bran                    
76 Levels: 100%_Natural_Bran All-Bran All-Bran_with_Extra_Fiber ... Wheaties_Honey_Gold
> caloriesOB<-Cereals1$calories[(Cereals1$calories<caloriesLB)|(Cereals1$calories>caloriesUB)]
> caloriesIB<-Cereals1$calories[(Cereals1$calories>=caloriesLB)|(Cereals1$calories<=caloriesUB)]
> caloriesIB
 [1] 120  70  50 110 110 110 130  90  90 120 110 120 110 110 110 100 110 110 110 100 110 100
[23] 100 110 110 100 120 120 110 100 110 100 110 120 120 110 110 110 140 110 100 110 100 150
[45] 150 160 100 120 140  90 130 120 100  50  50 100 100 120 100  90 110 110  80  90  90 110
[67] 110  90 110 140 100 110 110 100 100 110
> caloriesOB
 [1]  70  50 130 140 150 150 160 140 130  50  50  80 140
> Cereals1$calories[ caloriesOB ] <- median(caloriesIB) 
Error in `$<-.data.frame`(`*tmp*`, calories, value = c(120, 70, 50, 110,  : 
  replacement has 160 rows, data has 76
> Cereals1$calories[ Cereals1$calories[caloriesOB] ] <- median(caloriesIB)
Error in `$<-.data.frame`(`*tmp*`, calories, value = c(120, 70, 50, 110,  : 
  replacement has 140 rows, data has 76
> Cereals1$calories[caloriesOB]
 [1] 140  90  NA  NA  NA  NA  NA  NA  NA  90  90  NA  NA
> caloriesOB
 [1]  70  50 130 140 150 150 160 140 130  50  50  80 140
> Cereals1$calories
 [1] 120  70  50 110 110 110 130  90  90 120 110 120 110 110 110 100 110 110 110 100 110 100
[23] 100 110 110 100 120 120 110 100 110 100 110 120 120 110 110 110 140 110 100 110 100 150
[45] 150 160 100 120 140  90 130 120 100  50  50 100 100 120 100  90 110 110  80  90  90 110
[67] 110  90 110 140 100 110 110 100 100 110
> median(caloriesIB)
[1] 110
> Cereals1$calories[ caloriesOB ] <- median(caloriesIB)
Error in `$<-.data.frame`(`*tmp*`, calories, value = c(120, 70, 50, 110,  : 
  replacement has 160 rows, data has 76
> Cereals1
                                         name mfr type calories protein fat sodium fiber
1                           100%_Natural_Bran   Q    C      120       3   5     15   2.0
2                                    All-Bran   K    C       70       4   1    260   9.0
3                   All-Bran_with_Extra_Fiber   K    C       50       4   0    140  14.0
4                              Almond_Delight   R    C      110       2   2    200   1.0
5                     Apple_Cinnamon_Cheerios   G    C      110       2   2    180   1.5
6                                 Apple_Jacks   K    C      110       2   0    125   1.0
7                                     Basic_4   G    C      130       3   2    210   2.0
8                                   Bran_Chex   R    C       90       2   1    200   4.0
9                                 Bran_Flakes   P    C       90       3   0    210   5.0
10                               Cap'n'Crunch   Q    C      120       1   2    220   0.0
11                                   Cheerios   G    C      110       6   2    290   2.0
12                      Cinnamon_Toast_Crunch   G    C      120       1   3    210   0.0
13                                   Clusters   G    C      110       3   2    140   2.0
14                                Cocoa_Puffs   G    C      110       1   1    180   0.0
15                                  Corn_Chex   R    C      110       2   0    280   0.0
16                                Corn_Flakes   K    C      100       2   0    290   1.0
17                                  Corn_Pops   K    C      110       1   0     90   1.0
18                              Count_Chocula   G    C      110       1   1    180   0.0
19                         Cracklin'_Oat_Bran   K    C      110       3   3    140   4.0
20                     Cream_of_Wheat_(Quick)   N    H      100       3   0     80   1.0
21                                    Crispix   K    C      110       2   0    220   1.0
22                 Crispy_Wheat_&amp;_Raisins   G    C      100       2   1    140   2.0
23                                Double_Chex   R    C      100       2   0    190   1.0
24                                Froot_Loops   K    C      110       2   1    125   1.0
25                             Frosted_Flakes   K    C      110       1   0    200   1.0
26                        Frosted_Mini-Wheats   K    C      100       3   0      0   3.0
27 Fruit_&amp;_Fibre_Dates,_Walnuts,_and_Oats   P    C      120       3   2    160   5.0
28                              Fruitful_Bran   K    C      120       3   0    240   5.0
29                             Fruity_Pebbles   P    C      110       1   1    135   0.0
30                               Golden_Crisp   P    C      100       2   0     45   0.0
31                             Golden_Grahams   G    C      110       1   1    280   0.0
32                          Grape_Nuts_Flakes   P    C      100       3   1    140   3.0
33                                 Grape-Nuts   P    C      110       3   0    170   3.0
34                         Great_Grains_Pecan   P    C      120       3   3     75   3.0
35                           Honey_Graham_Ohs   Q    C      120       1   2    220   1.0
36                         Honey_Nut_Cheerios   G    C      110       3   1    250   1.5
37                                 Honey-comb   P    C      110       1   0    180   0.0
38                Just_Right_Crunchy__Nuggets   K    C      110       2   1    170   1.0
39                 Just_Right_Fruit_&amp;_Nut   K    C      140       3   1    170   2.0
40                                        Kix   G    C      110       2   1    260   0.0
41                                       Life   Q    C      100       4   2    150   2.0
42                               Lucky_Charms   G    C      110       2   1    180   0.0
43                                      Maypo   A    H      100       4   1      0   0.0
44       Muesli_Raisins,_Dates,_&amp;_Almonds   R    C      150       4   3     95   3.0
45      Muesli_Raisins,_Peaches,_&amp;_Pecans   R    C      150       4   3    150   3.0
46                       Mueslix_Crispy_Blend   K    C      160       3   2    150   3.0
47                       Multi-Grain_Cheerios   G    C      100       2   1    220   2.0
48                       Nut&amp;Honey_Crunch   K    C      120       2   1    190   0.0
49                  Nutri-Grain_Almond-Raisin   K    C      140       3   2    220   3.0
50                          Nutri-grain_Wheat   K    C       90       3   0    170   3.0
51                       Oatmeal_Raisin_Crisp   G    C      130       3   2    170   1.5
52                      Post_Nat._Raisin_Bran   P    C      120       3   1    200   6.0
53                                 Product_19   K    C      100       3   0    320   1.0
54                                Puffed_Rice   Q    C       50       1   0      0   0.0
55                               Puffed_Wheat   Q    C       50       2   0      0   1.0
56                         Quaker_Oat_Squares   Q    C      100       4   1    135   2.0
57                             Quaker_Oatmeal   Q    H      100       5   2      0   2.7
58                                Raisin_Bran   K    C      120       3   1    210   5.0
59                            Raisin_Nut_Bran   G    C      100       3   2    140   2.5
60                             Raisin_Squares   K    C       90       2   0      0   2.0
61                                  Rice_Chex   R    C      110       1   0    240   0.0
62                              Rice_Krispies   K    C      110       2   0    290   0.0
      carbo sugars    potass vitamins shelf weight cups   rating
1   8.00000   8.00 135.00000        0     3   1.00 1.00 33.98368
2   7.00000   5.00 320.00000       25     3   1.00 0.33 59.42551
3   8.00000   0.00 330.00000       25     3   1.00 0.50 93.70491
4  14.00000   8.00  96.21622       25     3   1.00 0.75 34.38484
5  10.50000  10.00  70.00000       25     1   1.00 0.75 29.50954
6  11.00000  14.00  30.00000       25     2   1.00 1.00 33.17409
7  18.00000   8.00 100.00000       25     3   1.33 0.75 37.03856
8  15.00000   6.00 125.00000       25     1   1.00 0.67 49.12025
9  13.00000   5.00 190.00000       25     3   1.00 0.67 53.31381
10 12.00000  12.00  35.00000       25     2   1.00 0.75 18.04285
11 17.00000   1.00 105.00000       25     1   1.00 1.25 50.76500
12 13.00000   9.00  45.00000       25     2   1.00 0.75 19.82357
13 13.00000   7.00 105.00000       25     3   1.00 0.50 40.40021
14 12.00000  13.00  55.00000       25     2   1.00 1.00 22.73645
15 22.00000   3.00  25.00000       25     1   1.00 1.00 41.44502
16 21.00000   2.00  35.00000       25     1   1.00 1.00 45.86332
17 13.00000  12.00  20.00000       25     2   1.00 1.00 35.78279
18 12.00000  13.00  65.00000       25     2   1.00 1.00 22.39651
19 10.00000   7.00 160.00000       25     3   1.00 0.50 40.44877
20 21.00000   0.00  96.21622        0     2   1.00 1.00 64.53382
21 21.00000   3.00  30.00000       25     3   1.00 1.00 46.89564
22 11.00000  10.00 120.00000       25     3   1.00 0.75 36.17620
23 18.00000   5.00  80.00000       25     3   1.00 0.75 44.33086
24 11.00000  13.00  30.00000       25     2   1.00 1.00 32.20758
25 14.00000  11.00  25.00000       25     1   1.00 0.75 31.43597
26 14.00000   7.00 100.00000       25     2   1.00 0.80 58.34514
27 12.00000  10.00 200.00000       25     3   1.25 0.67 40.91705
28 14.00000  12.00 190.00000       25     3   1.33 0.67 41.01549
29 13.00000  12.00  25.00000       25     2   1.00 0.75 28.02576
30 11.00000  15.00  40.00000       25     1   1.00 0.88 35.25244
31 15.00000   9.00  45.00000       25     2   1.00 0.75 23.80404
32 15.00000   5.00  85.00000       25     3   1.00 0.88 52.07690
33 17.00000   3.00  90.00000       25     3   1.00 0.25 53.37101
34 13.00000   4.00 100.00000       25     3   1.00 0.33 45.81172
35 12.00000  11.00  45.00000       25     2   1.00 1.00 21.87129
36 11.50000  10.00  90.00000       25     1   1.00 0.75 31.07222
37 14.00000  11.00  35.00000       25     1   1.00 1.33 28.74241
38 17.00000   6.00  60.00000      100     3   1.00 1.00 36.52368
39 20.00000   9.00  95.00000      100     3   1.30 0.75 36.47151
40 21.00000   3.00  40.00000       25     2   1.00 1.50 39.24111
41 12.00000   6.00  95.00000       25     2   1.00 0.67 45.32807
42 12.00000  12.00  55.00000       25     2   1.00 1.00 26.73451
43 16.00000   3.00  95.00000       25     2   1.00 1.00 54.85092
44 16.00000  11.00 170.00000       25     3   1.00 1.00 37.13686
45 16.00000  11.00 170.00000       25     3   1.00 1.00 34.13976
46 17.00000  13.00 160.00000       25     3   1.50 0.67 30.31335
47 15.00000   6.00  90.00000       25     1   1.00 1.00 40.10596
48 15.00000   9.00  40.00000       25     2   1.00 0.67 29.92429
49 21.00000   7.00 130.00000       25     3   1.33 0.67 40.69232
50 18.00000   2.00  90.00000       25     3   1.00 1.00 59.64284
51 13.50000  10.00 120.00000       25     3   1.25 0.50 30.45084
52 11.00000  14.00 260.00000       25     3   1.33 0.67 37.84059
53 20.00000   3.00  45.00000      100     3   1.00 1.00 41.50354
54 13.00000   0.00  15.00000        0     3   0.50 1.00 60.75611
55 10.00000   0.00  50.00000        0     3   0.50 1.00 63.00565
56 14.00000   6.00 110.00000       25     3   1.00 0.50 49.51187
57 14.93333   7.04 110.00000        0     1   1.00 0.67 50.82839
58 14.00000  12.00 240.00000       25     2   1.33 0.75 39.25920
59 10.50000   8.00 140.00000       25     3   1.00 0.50 39.70340
60 15.00000   6.00 110.00000       25     3   1.00 0.50 55.33314
61 23.00000   2.00  30.00000       25     1   1.00 1.13 41.99893
62 22.00000   3.00  35.00000       25     1   1.00 1.00 40.56016
 [ reached getOption("max.print") -- omitted 14 rows ]
> caloriesOB
 [1]  70  50 130 140 150 150 160 140 130  50  50  80 140
> median(caloriesIB)
[1] 110
> caloriesOB
 [1]  70  50 130 140 150 150 160 140 130  50  50  80 140
> Cereals1$calories[Cereals1$calories=caloriesOB]
Error: unexpected '=' in "Cereals1$calories[Cereals1$calories="
> Cereals1$calories[Cereals1$calories==caloriesOB]
[1] 140 150 150 160  50
Warning message:
In Cereals1$calories == caloriesOB :
  longer object length is not a multiple of shorter object length
> caloriesOB
 [1]  70  50 130 140 150 150 160 140 130  50  50  80 140
> caloriesIB
 [1] 120  70  50 110 110 110 130  90  90 120 110 120 110 110 110 100 110 110 110 100 110 100
[23] 100 110 110 100 120 120 110 100 110 100 110 120 120 110 110 110 140 110 100 110 100 150
[45] 150 160 100 120 140  90 130 120 100  50  50 100 100 120 100  90 110 110  80  90  90 110
[67] 110  90 110 140 100 110 110 100 100 110
> Cereals1$calories[Cereals1$name[caloriesOB]] <- median(caloriesIB)
> View(Cereals1)
> median(Cereals1$calories)
[1] 110
> Cereals1$calories[Cereals1[caloriesOB]] <- median(caloriesIB)
Error in `[.data.frame`(Cereals1, caloriesOB) : 
  undefined columns selected
> Cereals1$calories[Cereals1$calories[caloriesOB]] <- median(caloriesIB)
Error in `$<-.data.frame`(`*tmp*`, calories, value = c(120, 70, 50, 110,  : 
  replacement has 110 rows, data has 76
> Cereals1$calories[Cereals1$name[caloriesOB]] 
 [1] 110 110  NA  NA  NA  NA  NA  NA  NA 110 110  NA  NA
> Cereals1$name[caloriesOB]
 [1] Total_Raisin_Bran Nutri-grain_Wheat <NA>              <NA>              <NA>             
 [6] <NA>              <NA>              <NA>              <NA>              Nutri-grain_Wheat
[11] Nutri-grain_Wheat <NA>              <NA>             
76 Levels: 100%_Natural_Bran All-Bran All-Bran_with_Extra_Fiber ... Wheaties_Honey_Gold
> caloriesLB
1st Qu. 
     85 